>program main
#^^^^^^^ source.fortran.free meta.program.fortran keyword.control.program.fortran
#       ^ source.fortran.free meta.program.fortran
#        ^^^^ source.fortran.free meta.program.fortran entity.name.program.fortran
>implicit none
#^^^^^^^^ source.fortran.free meta.program.fortran meta.block.specification.program.fortran meta.statement.implicit.fortran keyword.other.implicit.fortran
#        ^ source.fortran.free meta.program.fortran meta.block.specification.program.fortran meta.statement.implicit.fortran
#         ^^^^ source.fortran.free meta.program.fortran meta.block.specification.program.fortran meta.statement.implicit.fortran keyword.other.none.fortran
>integer :: i, j
#^^^^^^^ source.fortran.free meta.program.fortran meta.block.specification.program.fortran meta.specification.type.fortran storage.type.integer.fortran
#       ^ source.fortran.free meta.program.fortran meta.block.specification.program.fortran meta.specification.type.fortran meta.attribute-list.type-specification-statements.fortran
#        ^^ source.fortran.free meta.program.fortran meta.block.specification.program.fortran meta.specification.type.fortran keyword.operator.double-colon.fortran
#          ^ source.fortran.free meta.program.fortran meta.block.specification.program.fortran meta.specification.type.fortran meta.name-list.fortran
#           ^ source.fortran.free meta.program.fortran meta.block.specification.program.fortran meta.specification.type.fortran meta.name-list.fortran meta.parameter.fortran
#            ^^ source.fortran.free meta.program.fortran meta.block.specification.program.fortran meta.specification.type.fortran meta.name-list.fortran
#              ^ source.fortran.free meta.program.fortran meta.block.specification.program.fortran meta.specification.type.fortran meta.name-list.fortran meta.parameter.fortran
>do i = 1, 5
#^^ source.fortran.free meta.program.fortran meta.block.specification.program.fortran meta.block.do.unlabeled.fortran keyword.control.do.fortran
#  ^ source.fortran.free meta.program.fortran meta.block.specification.program.fortran meta.block.do.unlabeled.fortran meta.loop-control.fortran
#   ^ source.fortran.free meta.program.fortran meta.block.specification.program.fortran meta.block.do.unlabeled.fortran meta.loop-control.fortran meta.parameter.fortran
#    ^ source.fortran.free meta.program.fortran meta.block.specification.program.fortran meta.block.do.unlabeled.fortran meta.loop-control.fortran
#     ^ source.fortran.free meta.program.fortran meta.block.specification.program.fortran meta.block.do.unlabeled.fortran meta.loop-control.fortran keyword.operator.assignment.fortran
#      ^ source.fortran.free meta.program.fortran meta.block.specification.program.fortran meta.block.do.unlabeled.fortran meta.loop-control.fortran
#       ^ source.fortran.free meta.program.fortran meta.block.specification.program.fortran meta.block.do.unlabeled.fortran meta.loop-control.fortran constant.numeric.fortran
#        ^^ source.fortran.free meta.program.fortran meta.block.specification.program.fortran meta.block.do.unlabeled.fortran meta.loop-control.fortran
#          ^ source.fortran.free meta.program.fortran meta.block.specification.program.fortran meta.block.do.unlabeled.fortran meta.loop-control.fortran constant.numeric.fortran
>do j = 1, 5
#^^ source.fortran.free meta.program.fortran meta.block.specification.program.fortran meta.block.do.unlabeled.fortran meta.block.do.unlabeled.fortran keyword.control.do.fortran
#  ^ source.fortran.free meta.program.fortran meta.block.specification.program.fortran meta.block.do.unlabeled.fortran meta.block.do.unlabeled.fortran meta.loop-control.fortran
#   ^ source.fortran.free meta.program.fortran meta.block.specification.program.fortran meta.block.do.unlabeled.fortran meta.block.do.unlabeled.fortran meta.loop-control.fortran meta.parameter.fortran
#    ^ source.fortran.free meta.program.fortran meta.block.specification.program.fortran meta.block.do.unlabeled.fortran meta.block.do.unlabeled.fortran meta.loop-control.fortran
#     ^ source.fortran.free meta.program.fortran meta.block.specification.program.fortran meta.block.do.unlabeled.fortran meta.block.do.unlabeled.fortran meta.loop-control.fortran keyword.operator.assignment.fortran
#      ^ source.fortran.free meta.program.fortran meta.block.specification.program.fortran meta.block.do.unlabeled.fortran meta.block.do.unlabeled.fortran meta.loop-control.fortran
#       ^ source.fortran.free meta.program.fortran meta.block.specification.program.fortran meta.block.do.unlabeled.fortran meta.block.do.unlabeled.fortran meta.loop-control.fortran constant.numeric.fortran
#        ^^ source.fortran.free meta.program.fortran meta.block.specification.program.fortran meta.block.do.unlabeled.fortran meta.block.do.unlabeled.fortran meta.loop-control.fortran
#          ^ source.fortran.free meta.program.fortran meta.block.specification.program.fortran meta.block.do.unlabeled.fortran meta.block.do.unlabeled.fortran meta.loop-control.fortran constant.numeric.fortran
>if (i == j) then
#^^ source.fortran.free meta.program.fortran meta.block.specification.program.fortran meta.block.do.unlabeled.fortran meta.block.do.unlabeled.fortran keyword.control.if.fortran
#  ^ source.fortran.free meta.program.fortran meta.block.specification.program.fortran meta.block.do.unlabeled.fortran meta.block.do.unlabeled.fortran meta.expression.control.logical.fortran
#   ^ source.fortran.free meta.program.fortran meta.block.specification.program.fortran meta.block.do.unlabeled.fortran meta.block.do.unlabeled.fortran meta.expression.control.logical.fortran punctuation.parentheses.left.fortran
#    ^ source.fortran.free meta.program.fortran meta.block.specification.program.fortran meta.block.do.unlabeled.fortran meta.block.do.unlabeled.fortran meta.expression.control.logical.fortran meta.parameter.fortran
#     ^ source.fortran.free meta.program.fortran meta.block.specification.program.fortran meta.block.do.unlabeled.fortran meta.block.do.unlabeled.fortran meta.expression.control.logical.fortran
#      ^^ source.fortran.free meta.program.fortran meta.block.specification.program.fortran meta.block.do.unlabeled.fortran meta.block.do.unlabeled.fortran meta.expression.control.logical.fortran keyword.logical.fortran.modern
#        ^ source.fortran.free meta.program.fortran meta.block.specification.program.fortran meta.block.do.unlabeled.fortran meta.block.do.unlabeled.fortran meta.expression.control.logical.fortran
#         ^ source.fortran.free meta.program.fortran meta.block.specification.program.fortran meta.block.do.unlabeled.fortran meta.block.do.unlabeled.fortran meta.expression.control.logical.fortran meta.parameter.fortran
#          ^ source.fortran.free meta.program.fortran meta.block.specification.program.fortran meta.block.do.unlabeled.fortran meta.block.do.unlabeled.fortran meta.expression.control.logical.fortran punctuation.parentheses.right.fortran
#           ^ source.fortran.free meta.program.fortran meta.block.specification.program.fortran meta.block.do.unlabeled.fortran meta.block.do.unlabeled.fortran
#            ^^^^ source.fortran.free meta.program.fortran meta.block.specification.program.fortran meta.block.do.unlabeled.fortran meta.block.do.unlabeled.fortran keyword.control.then.fortran
>print *, i
#^^^^^ source.fortran.free meta.program.fortran meta.block.specification.program.fortran meta.block.do.unlabeled.fortran meta.block.do.unlabeled.fortran meta.block.if.fortran keyword.control.print.fortran
#     ^ source.fortran.free meta.program.fortran meta.block.specification.program.fortran meta.block.do.unlabeled.fortran meta.block.do.unlabeled.fortran meta.block.if.fortran
#      ^ source.fortran.free meta.program.fortran meta.block.specification.program.fortran meta.block.do.unlabeled.fortran meta.block.do.unlabeled.fortran meta.block.if.fortran keyword.operator.power.fortran
#       ^^ source.fortran.free meta.program.fortran meta.block.specification.program.fortran meta.block.do.unlabeled.fortran meta.block.do.unlabeled.fortran meta.block.if.fortran
#         ^ source.fortran.free meta.program.fortran meta.block.specification.program.fortran meta.block.do.unlabeled.fortran meta.block.do.unlabeled.fortran meta.block.if.fortran meta.parameter.fortran
>end if
#^^^^^^ source.fortran.free meta.program.fortran meta.block.specification.program.fortran meta.block.do.unlabeled.fortran meta.block.do.unlabeled.fortran keyword.control.endif.fortran
>end do
#^^^^^^ source.fortran.free meta.program.fortran meta.block.specification.program.fortran meta.block.do.unlabeled.fortran meta.block.do.unlabeled.fortran keyword.control.enddo.fortran
>end do
#^^^^^^ source.fortran.free meta.program.fortran meta.block.specification.program.fortran meta.block.do.unlabeled.fortran keyword.control.enddo.fortran
>end program main
#^^^^^^^^^^^ source.fortran.free meta.program.fortran keyword.control.endprogram.fortran
#           ^ source.fortran.free meta.program.fortran
#            ^^^^ source.fortran.free meta.program.fortran entity.name.program.fortran